// Jest Snapshot v1, https://goo.gl/fbAQLP

exports[`Drumkit should render all drum kits 1`] = `
<DrumKit>
  <div
    className="drumkit_background"
  >
    <div
      className="keys"
    >
      <div
        className="key"
        key="65"
      >
        <kbd>
          A
        </kbd>
        <span
          className="sound"
        >
          clap
        </span>
        <AudioSource
          handleKeyOnPlayed={[Function]}
          keyCode={65}
          src="clap.wav"
        >
          <audio
            src="clap.wav"
            type="audio/mpeg"
          />
        </AudioSource>
      </div>
      <div
        className="key"
        key="83"
      >
        <kbd>
          S
        </kbd>
        <span
          className="sound"
        >
          hihat
        </span>
        <AudioSource
          handleKeyOnPlayed={[Function]}
          keyCode={83}
          src="hihat.wav"
        >
          <audio
            src="hihat.wav"
            type="audio/mpeg"
          />
        </AudioSource>
      </div>
      <div
        className="key"
        key="68"
      >
        <kbd>
          D
        </kbd>
        <span
          className="sound"
        >
          kick
        </span>
        <AudioSource
          handleKeyOnPlayed={[Function]}
          keyCode={68}
          src="kick.wav"
        >
          <audio
            src="kick.wav"
            type="audio/mpeg"
          />
        </AudioSource>
      </div>
      <div
        className="key"
        key="70"
      >
        <kbd>
          F
        </kbd>
        <span
          className="sound"
        >
          openhat
        </span>
        <AudioSource
          handleKeyOnPlayed={[Function]}
          keyCode={70}
          src="openhat.wav"
        >
          <audio
            src="openhat.wav"
            type="audio/mpeg"
          />
        </AudioSource>
      </div>
      <div
        className="key"
        key="71"
      >
        <kbd>
          G
        </kbd>
        <span
          className="sound"
        >
          boom
        </span>
        <AudioSource
          handleKeyOnPlayed={[Function]}
          keyCode={71}
          src="boom.wav"
        >
          <audio
            src="boom.wav"
            type="audio/mpeg"
          />
        </AudioSource>
      </div>
      <div
        className="key"
        key="72"
      >
        <kbd>
          H
        </kbd>
        <span
          className="sound"
        >
          ride
        </span>
        <AudioSource
          handleKeyOnPlayed={[Function]}
          keyCode={72}
          src="ride.wav"
        >
          <audio
            src="ride.wav"
            type="audio/mpeg"
          />
        </AudioSource>
      </div>
      <div
        className="key"
        key="74"
      >
        <kbd>
          J
        </kbd>
        <span
          className="sound"
        >
          snare
        </span>
        <AudioSource
          handleKeyOnPlayed={[Function]}
          keyCode={74}
          src="snare.wav"
        >
          <audio
            src="snare.wav"
            type="audio/mpeg"
          />
        </AudioSource>
      </div>
      <div
        className="key"
        key="75"
      >
        <kbd>
          K
        </kbd>
        <span
          className="sound"
        >
          tom
        </span>
        <AudioSource
          handleKeyOnPlayed={[Function]}
          keyCode={75}
          src="tom.wav"
        >
          <audio
            src="tom.wav"
            type="audio/mpeg"
          />
        </AudioSource>
      </div>
      <div
        className="key"
        key="76"
      >
        <kbd>
          L
        </kbd>
        <span
          className="sound"
        >
          tink
        </span>
        <AudioSource
          handleKeyOnPlayed={[Function]}
          keyCode={76}
          src="tink.wav"
        >
          <audio
            src="tink.wav"
            type="audio/mpeg"
          />
        </AudioSource>
      </div>
    </div>
  </div>
</DrumKit>
`;
